// Jest Snapshot v1, https://goo.gl/fbAQLP

exports[`renders correctly 1`] = `
<View
  style={
    Object {
      "backgroundColor": "rgba(0, 0, 0, 0.3)",
      "flex": 1,
      "height": "100%",
      "justifyContent": "center",
      "marginHorizontal": 0,
      "position": "absolute",
      "width": "100%",
      "zIndex": 3,
    }
  }
>
  <ActivityIndicator
    animating={true}
    color="#88b04b"
    hidesWhenStopped={true}
    size="small"
  />
</View>
`;
